1	int#int	move
2	bType#int	reduction
3	Ident#main	move
4	(#(	move
5	)#)	move
6	{#{	move
7	int#int	move
8	bType#int	reduction
9	Ident#a	move
10	=#=	move
11	IntConst#1	move
12	number#IntConst	reduction
13	primaryExp#number	reduction
14	unaryExp#primaryExp	reduction
15	mulExp#unaryExp	reduction
16	;#;	move
17	addExp#mulExp	reduction
18	relExp#addExp	reduction
19	eqExp#relExp	reduction
20	lAndExp#eqExp	reduction
21	lOrExp#lAndExp	reduction
22	exp#lOrExp	reduction
23	initVal#exp	reduction
24	varDef#initVal	reduction
25	varDecl#;	reduction
26	decl#varDecl	reduction
27	blockItem#decl	reduction
28	int#int	move
29	bType#int	reduction
30	Ident#b	move
31	=#=	move
32	IntConst#2	move
33	number#IntConst	reduction
34	primaryExp#number	reduction
35	unaryExp#primaryExp	reduction
36	mulExp#unaryExp	reduction
37	;#;	move
38	addExp#mulExp	reduction
39	relExp#addExp	reduction
40	eqExp#relExp	reduction
41	lAndExp#eqExp	reduction
42	lOrExp#lAndExp	reduction
43	exp#lOrExp	reduction
44	initVal#exp	reduction
45	varDef#initVal	reduction
46	varDecl#;	reduction
47	decl#varDecl	reduction
48	blockItem#decl	reduction
49	Ident#a	move
50	=#=	move
51	lVal#Ident	reduction
52	Ident#a	move
53	+#+	move
54	lVal#Ident	reduction
55	primaryExp#lVal	reduction
56	unaryExp#primaryExp	reduction
57	mulExp#unaryExp	reduction
58	addExp#mulExp	reduction
59	Ident#b	move
60	-#-	move
61	lVal#Ident	reduction
62	primaryExp#lVal	reduction
63	unaryExp#primaryExp	reduction
64	mulExp#unaryExp	reduction
65	addExp#+	reduction
66	IntConst#1	move
67	number#IntConst	reduction
68	primaryExp#number	reduction
69	unaryExp#primaryExp	reduction
70	mulExp#unaryExp	reduction
71	;#;	move
72	addExp#-	reduction
73	relExp#addExp	reduction
74	eqExp#relExp	reduction
75	lAndExp#eqExp	reduction
76	lOrExp#lAndExp	reduction
77	exp#lOrExp	reduction
78	stmt#;	reduction
79	blockItem#stmt	reduction
80	if#if	move
81	(#(	move
82	Ident#a	move
83	==#==	move
84	lVal#Ident	reduction
85	primaryExp#lVal	reduction
86	unaryExp#primaryExp	reduction
87	mulExp#unaryExp	reduction
88	addExp#mulExp	reduction
89	relExp#addExp	reduction
90	eqExp#relExp	reduction
91	IntConst#2	move
92	number#IntConst	reduction
93	primaryExp#number	reduction
94	unaryExp#primaryExp	reduction
95	mulExp#unaryExp	reduction
96	)#)	move
97	addExp#mulExp	reduction
98	relExp#addExp	reduction
99	eqExp#==	reduction
100	lAndExp#eqExp	reduction
101	lOrExp#lAndExp	reduction
102	cond#lOrExp	reduction
103	{#{	move
104	return#return	move
105	IntConst#0	move
106	number#IntConst	reduction
107	primaryExp#number	reduction
108	unaryExp#primaryExp	reduction
109	mulExp#unaryExp	reduction
110	;#;	move
111	addExp#mulExp	reduction
112	relExp#addExp	reduction
113	eqExp#relExp	reduction
114	lAndExp#eqExp	reduction
115	lOrExp#lAndExp	reduction
116	exp#lOrExp	reduction
117	stmt#;	reduction
118	blockItem#stmt	reduction
119	}#}	move
120	block#}	reduction
121	stmt#block	reduction
122	else#else	move
123	{#{	move
124	Ident#b	move
125	=#=	move
126	lVal#Ident	reduction
127	Ident#b	move
128	*#*	move
129	lVal#Ident	reduction
130	primaryExp#lVal	reduction
131	unaryExp#primaryExp	reduction
132	mulExp#unaryExp	reduction
133	IntConst#2	move
134	number#IntConst	reduction
135	primaryExp#number	reduction
136	unaryExp#primaryExp	reduction
137	mulExp#*	reduction
138	/#/	move
139	IntConst#1	move
140	number#IntConst	reduction
141	primaryExp#number	reduction
142	unaryExp#primaryExp	reduction
143	mulExp#/	reduction
144	%#%	move
145	IntConst#2	move
146	number#IntConst	reduction
147	primaryExp#number	reduction
148	unaryExp#primaryExp	reduction
149	mulExp#%	reduction
150	;#;	move
151	addExp#mulExp	reduction
152	relExp#addExp	reduction
153	eqExp#relExp	reduction
154	lAndExp#eqExp	reduction
155	lOrExp#lAndExp	reduction
156	exp#lOrExp	reduction
157	stmt#;	reduction
158	blockItem#stmt	reduction
159	return#return	move
160	IntConst#1	move
161	number#IntConst	reduction
162	primaryExp#number	reduction
163	unaryExp#primaryExp	reduction
164	mulExp#unaryExp	reduction
165	;#;	move
166	addExp#mulExp	reduction
167	relExp#addExp	reduction
168	eqExp#relExp	reduction
169	lAndExp#eqExp	reduction
170	lOrExp#lAndExp	reduction
171	exp#lOrExp	reduction
172	stmt#;	reduction
173	blockItem#stmt	reduction
174	}#}	move
175	block#}	reduction
176	stmt#block	reduction
177	stmt#if-else	reduction
178	blockItem#stmt	reduction
179	}#}	move
180	block#}	reduction
181	funcDef#block	reduction
182	Program#EOF	accept
