1	VoID#VoID	move
2	Ident#MaIn	move
3	(#(	move
4	)#)	move
5	{#{	move
6	CoNsT#CoNsT	move
7	InT#InT	move
8	bType#int	reduction
9	Ident#_X1	move
10	=#=	move
11	IntConst#42	move
12	number#IntConst	reduction
13	primaryExp#number	reduction
14	unaryExp#primaryExp	reduction
15	mulExp#unaryExp	reduction
16	,#,	move
17	addExp#mulExp	reduction
18	constExp#addExp	reduction
19	constInitVal#ConstExp	reduction
20	constDef#ConstInitVal	reduction
21	Ident#y	move
22	=#=	move
23	IntConst#0	move
24	number#IntConst	reduction
25	primaryExp#number	reduction
26	unaryExp#primaryExp	reduction
27	mulExp#unaryExp	reduction
28	;#;	move
29	addExp#mulExp	reduction
30	constExp#addExp	reduction
31	constInitVal#ConstExp	reduction
32	constDef#ConstInitVal	reduction
33	constDecl#SE_SEMICOLON	reduction
34	decl#constDecl	reduction
35	blockItem#decl	reduction
36	FLOAT#FLOAT	move
37	bType#float	reduction
38	Ident#Pi	move
39	=#=	move
40	floatConst#3.14	move
41	number#floatConst	reduction
42	primaryExp#number	reduction
43	unaryExp#primaryExp	reduction
44	mulExp#unaryExp	reduction
45	,#,	move
46	addExp#mulExp	reduction
47	relExp#addExp	reduction
48	eqExp#relExp	reduction
49	lAndExp#eqExp	reduction
50	lOrExp#lAndExp	reduction
51	exp#lOrExp	reduction
52	initVal#exp	reduction
53	varDef#initVal	reduction
54	Ident#rate	move
55	=#=	move
56	floatConst#0.5	move
57	number#floatConst	reduction
58	primaryExp#number	reduction
59	unaryExp#primaryExp	reduction
60	mulExp#unaryExp	reduction
61	;#;	move
62	addExp#mulExp	reduction
63	relExp#addExp	reduction
64	eqExp#relExp	reduction
65	lAndExp#eqExp	reduction
66	lOrExp#lAndExp	reduction
67	exp#lOrExp	reduction
68	initVal#exp	reduction
69	varDef#initVal	reduction
70	varDecl#;	reduction
71	decl#varDecl	reduction
72	blockItem#decl	reduction
73	int#int	move
74	bType#int	reduction
75	Ident#A	move
76	=#=	move
77	IntConst#1	move
78	number#IntConst	reduction
79	primaryExp#number	reduction
80	unaryExp#primaryExp	reduction
81	mulExp#unaryExp	reduction
82	,#,	move
83	addExp#mulExp	reduction
84	relExp#addExp	reduction
85	eqExp#relExp	reduction
86	lAndExp#eqExp	reduction
87	lOrExp#lAndExp	reduction
88	exp#lOrExp	reduction
89	initVal#exp	reduction
90	varDef#initVal	reduction
91	Ident#B	move
92	=#=	move
93	IntConst#2	move
94	number#IntConst	reduction
95	primaryExp#number	reduction
96	unaryExp#primaryExp	reduction
97	mulExp#unaryExp	reduction
98	;#;	move
99	addExp#mulExp	reduction
100	relExp#addExp	reduction
101	eqExp#relExp	reduction
102	lAndExp#eqExp	reduction
103	lOrExp#lAndExp	reduction
104	exp#lOrExp	reduction
105	initVal#exp	reduction
106	varDef#initVal	reduction
107	varDecl#;	reduction
108	decl#varDecl	reduction
109	blockItem#decl	reduction
110	Ident#y	move
111	=#=	move
112	lVal#Ident	reduction
113	Ident#y	move
114	+#+	move
115	lVal#Ident	reduction
116	primaryExp#lVal	reduction
117	unaryExp#primaryExp	reduction
118	mulExp#unaryExp	reduction
119	addExp#mulExp	reduction
120	Ident#_X1	move
121	*#*	move
122	lVal#Ident	reduction
123	primaryExp#lVal	reduction
124	unaryExp#primaryExp	reduction
125	mulExp#unaryExp	reduction
126	IntConst#2	move
127	number#IntConst	reduction
128	primaryExp#number	reduction
129	unaryExp#primaryExp	reduction
130	mulExp#*	reduction
131	-#-	move
132	addExp#+	reduction
133	IntConst#5	move
134	number#IntConst	reduction
135	primaryExp#number	reduction
136	unaryExp#primaryExp	reduction
137	mulExp#unaryExp	reduction
138	/#/	move
139	IntConst#3	move
140	number#IntConst	reduction
141	primaryExp#number	reduction
142	unaryExp#primaryExp	reduction
143	mulExp#/	reduction
144	%#%	move
145	IntConst#2	move
146	number#IntConst	reduction
147	primaryExp#number	reduction
148	unaryExp#primaryExp	reduction
149	mulExp#%	reduction
150	;#;	move
151	addExp#-	reduction
152	relExp#addExp	reduction
153	eqExp#relExp	reduction
154	lAndExp#eqExp	reduction
155	lOrExp#lAndExp	reduction
156	exp#lOrExp	reduction
157	stmt#;	reduction
158	blockItem#stmt	reduction
159	Ident#A	move
160	=#=	move
161	lVal#Ident	reduction
162	Ident#A	move
163	+#+	move
164	lVal#Ident	reduction
165	primaryExp#lVal	reduction
166	unaryExp#primaryExp	reduction
167	mulExp#unaryExp	reduction
168	addExp#mulExp	reduction
169	Ident#B	move
170	;#;	move
171	lVal#Ident	reduction
172	primaryExp#lVal	reduction
173	unaryExp#primaryExp	reduction
174	mulExp#unaryExp	reduction
175	addExp#+	reduction
176	relExp#addExp	reduction
177	eqExp#relExp	reduction
178	lAndExp#eqExp	reduction
179	lOrExp#lAndExp	reduction
180	exp#lOrExp	reduction
181	stmt#;	reduction
182	blockItem#stmt	reduction
183	if#if	move
184	(#(	move
185	(#(	move
186	Ident#y	move
187	>=#>=	move
188	lVal#Ident	reduction
189	primaryExp#lVal	reduction
190	unaryExp#primaryExp	reduction
191	mulExp#unaryExp	reduction
192	addExp#mulExp	reduction
193	relExp#addExp	reduction
194	IntConst#10	move
195	number#IntConst	reduction
196	primaryExp#number	reduction
197	unaryExp#primaryExp	reduction
198	mulExp#unaryExp	reduction
199	&&#&&	move
200	addExp#mulExp	reduction
201	relExp#>=	reduction
202	eqExp#relExp	reduction
203	lAndExp#eqExp	reduction
204	Ident#y	move
205	!=#!=	move
206	lVal#Ident	reduction
207	primaryExp#lVal	reduction
208	unaryExp#primaryExp	reduction
209	mulExp#unaryExp	reduction
210	addExp#mulExp	reduction
211	relExp#addExp	reduction
212	eqExp#relExp	reduction
213	IntConst#0	move
214	number#IntConst	reduction
215	primaryExp#number	reduction
216	unaryExp#primaryExp	reduction
217	mulExp#unaryExp	reduction
218	)#)	move
219	addExp#mulExp	reduction
220	relExp#addExp	reduction
221	eqExp#!=	reduction
222	lAndExp#&&	reduction
223	lOrExp#lAndExp	reduction
224	exp#lOrExp	reduction
225	primaryExp#)	reduction
226	unaryExp#primaryExp	reduction
227	mulExp#unaryExp	reduction
228	||#||	move
229	addExp#mulExp	reduction
230	relExp#addExp	reduction
231	eqExp#relExp	reduction
232	lAndExp#eqExp	reduction
233	lOrExp#lAndExp	reduction
234	(#(	move
235	Ident#A	move
236	<#<	move
237	lVal#Ident	reduction
238	primaryExp#lVal	reduction
239	unaryExp#primaryExp	reduction
240	mulExp#unaryExp	reduction
241	addExp#mulExp	reduction
242	relExp#addExp	reduction
243	Ident#B	move
244	)#)	move
245	lVal#Ident	reduction
246	primaryExp#lVal	reduction
247	unaryExp#primaryExp	reduction
248	mulExp#unaryExp	reduction
249	addExp#mulExp	reduction
250	relExp#<	reduction
251	eqExp#relExp	reduction
252	lAndExp#eqExp	reduction
253	lOrExp#lAndExp	reduction
254	exp#lOrExp	reduction
255	primaryExp#)	reduction
256	unaryExp#primaryExp	reduction
257	mulExp#unaryExp	reduction
258	)#)	move
259	addExp#mulExp	reduction
260	relExp#addExp	reduction
261	eqExp#relExp	reduction
262	lAndExp#eqExp	reduction
263	lOrExp#||	reduction
264	cond#lOrExp	reduction
265	{#{	move
266	Ident#y	move
267	=#=	move
268	lVal#Ident	reduction
269	Ident#y	move
270	+#+	move
271	lVal#Ident	reduction
272	primaryExp#lVal	reduction
273	unaryExp#primaryExp	reduction
274	mulExp#unaryExp	reduction
275	addExp#mulExp	reduction
276	IntConst#1	move
277	number#IntConst	reduction
278	primaryExp#number	reduction
279	unaryExp#primaryExp	reduction
280	mulExp#unaryExp	reduction
281	;#;	move
282	addExp#+	reduction
283	relExp#addExp	reduction
284	eqExp#relExp	reduction
285	lAndExp#eqExp	reduction
286	lOrExp#lAndExp	reduction
287	exp#lOrExp	reduction
288	stmt#;	reduction
289	blockItem#stmt	reduction
290	}#}	move
291	block#}	reduction
292	stmt#block	reduction
293	else#else	move
294	{#{	move
295	Ident#y	move
296	=#=	move
297	lVal#Ident	reduction
298	Ident#y	move
299	-#-	move
300	lVal#Ident	reduction
301	primaryExp#lVal	reduction
302	unaryExp#primaryExp	reduction
303	mulExp#unaryExp	reduction
304	addExp#mulExp	reduction
305	IntConst#1	move
306	number#IntConst	reduction
307	primaryExp#number	reduction
308	unaryExp#primaryExp	reduction
309	mulExp#unaryExp	reduction
310	;#;	move
311	addExp#-	reduction
312	relExp#addExp	reduction
313	eqExp#relExp	reduction
314	lAndExp#eqExp	reduction
315	lOrExp#lAndExp	reduction
316	exp#lOrExp	reduction
317	stmt#;	reduction
318	blockItem#stmt	reduction
319	}#}	move
320	block#}	reduction
321	stmt#block	reduction
322	stmt#if-else	reduction
323	blockItem#stmt	reduction
324	if#if	move
325	(#(	move
326	Ident#Pi	move
327	>#>	move
328	lVal#Ident	reduction
329	primaryExp#lVal	reduction
330	unaryExp#primaryExp	reduction
331	mulExp#unaryExp	reduction
332	addExp#mulExp	reduction
333	relExp#addExp	reduction
334	floatConst#1.0	move
335	number#floatConst	reduction
336	primaryExp#number	reduction
337	unaryExp#primaryExp	reduction
338	mulExp#unaryExp	reduction
339	&&#&&	move
340	addExp#mulExp	reduction
341	relExp#>	reduction
342	eqExp#relExp	reduction
343	lAndExp#eqExp	reduction
344	Ident#rate	move
345	<=#<=	move
346	lVal#Ident	reduction
347	primaryExp#lVal	reduction
348	unaryExp#primaryExp	reduction
349	mulExp#unaryExp	reduction
350	addExp#mulExp	reduction
351	relExp#addExp	reduction
352	floatConst#1.0	move
353	number#floatConst	reduction
354	primaryExp#number	reduction
355	unaryExp#primaryExp	reduction
356	mulExp#unaryExp	reduction
357	)#)	move
358	addExp#mulExp	reduction
359	relExp#<=	reduction
360	eqExp#relExp	reduction
361	lAndExp#&&	reduction
362	lOrExp#lAndExp	reduction
363	cond#lOrExp	reduction
364	{#{	move
365	Ident#A	move
366	=#=	move
367	lVal#Ident	reduction
368	(#(	move
369	Ident#A	move
370	+#+	move
371	lVal#Ident	reduction
372	primaryExp#lVal	reduction
373	unaryExp#primaryExp	reduction
374	mulExp#unaryExp	reduction
375	addExp#mulExp	reduction
376	Ident#B	move
377	)#)	move
378	lVal#Ident	reduction
379	primaryExp#lVal	reduction
380	unaryExp#primaryExp	reduction
381	mulExp#unaryExp	reduction
382	addExp#+	reduction
383	relExp#addExp	reduction
384	eqExp#relExp	reduction
385	lAndExp#eqExp	reduction
386	lOrExp#lAndExp	reduction
387	exp#lOrExp	reduction
388	primaryExp#)	reduction
389	unaryExp#primaryExp	reduction
390	mulExp#unaryExp	reduction
391	*#*	move
392	(#(	move
393	Ident#_X1	move
394	-#-	move
395	lVal#Ident	reduction
396	primaryExp#lVal	reduction
397	unaryExp#primaryExp	reduction
398	mulExp#unaryExp	reduction
399	addExp#mulExp	reduction
400	IntConst#3	move
401	number#IntConst	reduction
402	primaryExp#number	reduction
403	unaryExp#primaryExp	reduction
404	mulExp#unaryExp	reduction
405	)#)	move
406	addExp#-	reduction
407	relExp#addExp	reduction
408	eqExp#relExp	reduction
409	lAndExp#eqExp	reduction
410	lOrExp#lAndExp	reduction
411	exp#lOrExp	reduction
412	primaryExp#)	reduction
413	unaryExp#primaryExp	reduction
414	mulExp#*	reduction
415	;#;	move
416	addExp#mulExp	reduction
417	relExp#addExp	reduction
418	eqExp#relExp	reduction
419	lAndExp#eqExp	reduction
420	lOrExp#lAndExp	reduction
421	exp#lOrExp	reduction
422	stmt#;	reduction
423	blockItem#stmt	reduction
424	}#}	move
425	block#}	reduction
426	stmt#block	reduction
427	else#else	move
428	{#{	move
429	if#if	move
430	(#(	move
431	Ident#A	move
432	==#==	move
433	lVal#Ident	reduction
434	primaryExp#lVal	reduction
435	unaryExp#primaryExp	reduction
436	mulExp#unaryExp	reduction
437	addExp#mulExp	reduction
438	relExp#addExp	reduction
439	eqExp#relExp	reduction
440	Ident#B	move
441	)#)	move
442	lVal#Ident	reduction
443	primaryExp#lVal	reduction
444	unaryExp#primaryExp	reduction
445	mulExp#unaryExp	reduction
446	addExp#mulExp	reduction
447	relExp#addExp	reduction
448	eqExp#==	reduction
449	lAndExp#eqExp	reduction
450	lOrExp#lAndExp	reduction
451	cond#lOrExp	reduction
452	{#{	move
453	Ident#B	move
454	=#=	move
455	lVal#Ident	reduction
456	Ident#B	move
457	+#+	move
458	lVal#Ident	reduction
459	primaryExp#lVal	reduction
460	unaryExp#primaryExp	reduction
461	mulExp#unaryExp	reduction
462	addExp#mulExp	reduction
463	IntConst#1	move
464	number#IntConst	reduction
465	primaryExp#number	reduction
466	unaryExp#primaryExp	reduction
467	mulExp#unaryExp	reduction
468	;#;	move
469	addExp#+	reduction
470	relExp#addExp	reduction
471	eqExp#relExp	reduction
472	lAndExp#eqExp	reduction
473	lOrExp#lAndExp	reduction
474	exp#lOrExp	reduction
475	stmt#;	reduction
476	blockItem#stmt	reduction
477	}#}	move
478	block#}	reduction
479	stmt#block	reduction
480	else#else	move
481	{#{	move
482	Ident#B	move
483	=#=	move
484	lVal#Ident	reduction
485	Ident#B	move
486	-#-	move
487	lVal#Ident	reduction
488	primaryExp#lVal	reduction
489	unaryExp#primaryExp	reduction
490	mulExp#unaryExp	reduction
491	addExp#mulExp	reduction
492	IntConst#1	move
493	number#IntConst	reduction
494	primaryExp#number	reduction
495	unaryExp#primaryExp	reduction
496	mulExp#unaryExp	reduction
497	;#;	move
498	addExp#-	reduction
499	relExp#addExp	reduction
500	eqExp#relExp	reduction
501	lAndExp#eqExp	reduction
502	lOrExp#lAndExp	reduction
503	exp#lOrExp	reduction
504	stmt#;	reduction
505	blockItem#stmt	reduction
506	}#}	move
507	block#}	reduction
508	stmt#block	reduction
509	stmt#if-else	reduction
510	blockItem#stmt	reduction
511	}#}	move
512	block#}	reduction
513	stmt#block	reduction
514	stmt#if-else	reduction
515	blockItem#stmt	reduction
516	return#return	move
517	;#;	move
518	stmt#;	reduction
519	blockItem#stmt	reduction
520	}#}	move
521	block#}	reduction
522	funcDef#block	reduction
523	Program#EOF	accept
