1	void#void	move
2	Ident#main	move
3	(#(	move
4	)#)	move
5	{#{	move
6	const#const	move
7	int#int	move
8	bType#int	reduction
9	Ident#N	move
10	=#=	move
11	IntConst#10	move
12	number#IntConst	reduction
13	primaryExp#number	reduction
14	unaryExp#primaryExp	reduction
15	mulExp#unaryExp	reduction
16	,#,	move
17	addExp#mulExp	reduction
18	constExp#addExp	reduction
19	constInitVal#ConstExp	reduction
20	constDef#ConstInitVal	reduction
21	Ident#M	move
22	=#=	move
23	IntConst#2	move
24	number#IntConst	reduction
25	primaryExp#number	reduction
26	unaryExp#primaryExp	reduction
27	mulExp#unaryExp	reduction
28	;#;	move
29	addExp#mulExp	reduction
30	constExp#addExp	reduction
31	constInitVal#ConstExp	reduction
32	constDef#ConstInitVal	reduction
33	constDecl#SE_SEMICOLON	reduction
34	decl#constDecl	reduction
35	blockItem#decl	reduction
36	float#float	move
37	bType#float	reduction
38	Ident#rate	move
39	=#=	move
40	floatConst#0.5	move
41	number#floatConst	reduction
42	primaryExp#number	reduction
43	unaryExp#primaryExp	reduction
44	mulExp#unaryExp	reduction
45	,#,	move
46	addExp#mulExp	reduction
47	relExp#addExp	reduction
48	eqExp#relExp	reduction
49	lAndExp#eqExp	reduction
50	lOrExp#lAndExp	reduction
51	exp#lOrExp	reduction
52	initVal#exp	reduction
53	varDef#initVal	reduction
54	Ident#base	move
55	=#=	move
56	floatConst#3.14	move
57	number#floatConst	reduction
58	primaryExp#number	reduction
59	unaryExp#primaryExp	reduction
60	mulExp#unaryExp	reduction
61	;#;	move
62	addExp#mulExp	reduction
63	relExp#addExp	reduction
64	eqExp#relExp	reduction
65	lAndExp#eqExp	reduction
66	lOrExp#lAndExp	reduction
67	exp#lOrExp	reduction
68	initVal#exp	reduction
69	varDef#initVal	reduction
70	varDecl#;	reduction
71	decl#varDecl	reduction
72	blockItem#decl	reduction
73	int#int	move
74	bType#int	reduction
75	Ident#x	move
76	=#=	move
77	IntConst#0	move
78	number#IntConst	reduction
79	primaryExp#number	reduction
80	unaryExp#primaryExp	reduction
81	mulExp#unaryExp	reduction
82	,#,	move
83	addExp#mulExp	reduction
84	relExp#addExp	reduction
85	eqExp#relExp	reduction
86	lAndExp#eqExp	reduction
87	lOrExp#lAndExp	reduction
88	exp#lOrExp	reduction
89	initVal#exp	reduction
90	varDef#initVal	reduction
91	Ident#y	move
92	=#=	move
93	IntConst#1	move
94	number#IntConst	reduction
95	primaryExp#number	reduction
96	unaryExp#primaryExp	reduction
97	mulExp#unaryExp	reduction
98	;#;	move
99	addExp#mulExp	reduction
100	relExp#addExp	reduction
101	eqExp#relExp	reduction
102	lAndExp#eqExp	reduction
103	lOrExp#lAndExp	reduction
104	exp#lOrExp	reduction
105	initVal#exp	reduction
106	varDef#initVal	reduction
107	varDecl#;	reduction
108	decl#varDecl	reduction
109	blockItem#decl	reduction
110	Ident#x	move
111	=#=	move
112	lVal#Ident	reduction
113	Ident#x	move
114	+#+	move
115	lVal#Ident	reduction
116	primaryExp#lVal	reduction
117	unaryExp#primaryExp	reduction
118	mulExp#unaryExp	reduction
119	addExp#mulExp	reduction
120	Ident#N	move
121	-#-	move
122	lVal#Ident	reduction
123	primaryExp#lVal	reduction
124	unaryExp#primaryExp	reduction
125	mulExp#unaryExp	reduction
126	addExp#+	reduction
127	Ident#M	move
128	*#*	move
129	lVal#Ident	reduction
130	primaryExp#lVal	reduction
131	unaryExp#primaryExp	reduction
132	mulExp#unaryExp	reduction
133	IntConst#2	move
134	number#IntConst	reduction
135	primaryExp#number	reduction
136	unaryExp#primaryExp	reduction
137	mulExp#*	reduction
138	/#/	move
139	IntConst#1	move
140	number#IntConst	reduction
141	primaryExp#number	reduction
142	unaryExp#primaryExp	reduction
143	mulExp#/	reduction
144	%#%	move
145	IntConst#2	move
146	number#IntConst	reduction
147	primaryExp#number	reduction
148	unaryExp#primaryExp	reduction
149	mulExp#%	reduction
150	;#;	move
151	addExp#-	reduction
152	relExp#addExp	reduction
153	eqExp#relExp	reduction
154	lAndExp#eqExp	reduction
155	lOrExp#lAndExp	reduction
156	exp#lOrExp	reduction
157	stmt#;	reduction
158	blockItem#stmt	reduction
159	if#if	move
160	(#(	move
161	(#(	move
162	Ident#x	move
163	>=#>=	move
164	lVal#Ident	reduction
165	primaryExp#lVal	reduction
166	unaryExp#primaryExp	reduction
167	mulExp#unaryExp	reduction
168	addExp#mulExp	reduction
169	relExp#addExp	reduction
170	Ident#y	move
171	&&#&&	move
172	lVal#Ident	reduction
173	primaryExp#lVal	reduction
174	unaryExp#primaryExp	reduction
175	mulExp#unaryExp	reduction
176	addExp#mulExp	reduction
177	relExp#>=	reduction
178	eqExp#relExp	reduction
179	lAndExp#eqExp	reduction
180	Ident#rate	move
181	!=#!=	move
182	lVal#Ident	reduction
183	primaryExp#lVal	reduction
184	unaryExp#primaryExp	reduction
185	mulExp#unaryExp	reduction
186	addExp#mulExp	reduction
187	relExp#addExp	reduction
188	eqExp#relExp	reduction
189	floatConst#0.0	move
190	number#floatConst	reduction
191	primaryExp#number	reduction
192	unaryExp#primaryExp	reduction
193	mulExp#unaryExp	reduction
194	)#)	move
195	addExp#mulExp	reduction
196	relExp#addExp	reduction
197	eqExp#!=	reduction
198	lAndExp#&&	reduction
199	lOrExp#lAndExp	reduction
200	exp#lOrExp	reduction
201	primaryExp#)	reduction
202	unaryExp#primaryExp	reduction
203	mulExp#unaryExp	reduction
204	||#||	move
205	addExp#mulExp	reduction
206	relExp#addExp	reduction
207	eqExp#relExp	reduction
208	lAndExp#eqExp	reduction
209	lOrExp#lAndExp	reduction
210	(#(	move
211	Ident#N	move
212	<#<	move
213	lVal#Ident	reduction
214	primaryExp#lVal	reduction
215	unaryExp#primaryExp	reduction
216	mulExp#unaryExp	reduction
217	addExp#mulExp	reduction
218	relExp#addExp	reduction
219	Ident#M	move
220	)#)	move
221	lVal#Ident	reduction
222	primaryExp#lVal	reduction
223	unaryExp#primaryExp	reduction
224	mulExp#unaryExp	reduction
225	addExp#mulExp	reduction
226	relExp#<	reduction
227	eqExp#relExp	reduction
228	lAndExp#eqExp	reduction
229	lOrExp#lAndExp	reduction
230	exp#lOrExp	reduction
231	primaryExp#)	reduction
232	unaryExp#primaryExp	reduction
233	mulExp#unaryExp	reduction
234	)#)	move
235	addExp#mulExp	reduction
236	relExp#addExp	reduction
237	eqExp#relExp	reduction
238	lAndExp#eqExp	reduction
239	lOrExp#||	reduction
240	cond#lOrExp	reduction
241	{#{	move
242	Ident#y	move
243	=#=	move
244	lVal#Ident	reduction
245	(#(	move
246	Ident#y	move
247	+#+	move
248	lVal#Ident	reduction
249	primaryExp#lVal	reduction
250	unaryExp#primaryExp	reduction
251	mulExp#unaryExp	reduction
252	addExp#mulExp	reduction
253	IntConst#1	move
254	number#IntConst	reduction
255	primaryExp#number	reduction
256	unaryExp#primaryExp	reduction
257	mulExp#unaryExp	reduction
258	)#)	move
259	addExp#+	reduction
260	relExp#addExp	reduction
261	eqExp#relExp	reduction
262	lAndExp#eqExp	reduction
263	lOrExp#lAndExp	reduction
264	exp#lOrExp	reduction
265	primaryExp#)	reduction
266	unaryExp#primaryExp	reduction
267	mulExp#unaryExp	reduction
268	;#;	move
269	addExp#mulExp	reduction
270	relExp#addExp	reduction
271	eqExp#relExp	reduction
272	lAndExp#eqExp	reduction
273	lOrExp#lAndExp	reduction
274	exp#lOrExp	reduction
275	stmt#;	reduction
276	blockItem#stmt	reduction
277	}#}	move
278	block#}	reduction
279	stmt#block	reduction
280	else#else	move
281	{#{	move
282	Ident#y	move
283	=#=	move
284	lVal#Ident	reduction
285	(#(	move
286	Ident#y	move
287	-#-	move
288	lVal#Ident	reduction
289	primaryExp#lVal	reduction
290	unaryExp#primaryExp	reduction
291	mulExp#unaryExp	reduction
292	addExp#mulExp	reduction
293	IntConst#1	move
294	number#IntConst	reduction
295	primaryExp#number	reduction
296	unaryExp#primaryExp	reduction
297	mulExp#unaryExp	reduction
298	)#)	move
299	addExp#-	reduction
300	relExp#addExp	reduction
301	eqExp#relExp	reduction
302	lAndExp#eqExp	reduction
303	lOrExp#lAndExp	reduction
304	exp#lOrExp	reduction
305	primaryExp#)	reduction
306	unaryExp#primaryExp	reduction
307	mulExp#unaryExp	reduction
308	;#;	move
309	addExp#mulExp	reduction
310	relExp#addExp	reduction
311	eqExp#relExp	reduction
312	lAndExp#eqExp	reduction
313	lOrExp#lAndExp	reduction
314	exp#lOrExp	reduction
315	stmt#;	reduction
316	blockItem#stmt	reduction
317	}#}	move
318	block#}	reduction
319	stmt#block	reduction
320	stmt#if-else	reduction
321	blockItem#stmt	reduction
322	Ident#x	move
323	=#=	move
324	lVal#Ident	reduction
325	Ident#x	move
326	>#>	move
327	lVal#Ident	reduction
328	primaryExp#lVal	reduction
329	unaryExp#primaryExp	reduction
330	mulExp#unaryExp	reduction
331	addExp#mulExp	reduction
332	relExp#addExp	reduction
333	Ident#y	move
334	;#;	move
335	lVal#Ident	reduction
336	primaryExp#lVal	reduction
337	unaryExp#primaryExp	reduction
338	mulExp#unaryExp	reduction
339	addExp#mulExp	reduction
340	relExp#>	reduction
341	eqExp#relExp	reduction
342	lAndExp#eqExp	reduction
343	lOrExp#lAndExp	reduction
344	exp#lOrExp	reduction
345	stmt#;	reduction
346	blockItem#stmt	reduction
347	Ident#x	move
348	=#=	move
349	lVal#Ident	reduction
350	Ident#x	move
351	<#<	move
352	lVal#Ident	reduction
353	primaryExp#lVal	reduction
354	unaryExp#primaryExp	reduction
355	mulExp#unaryExp	reduction
356	addExp#mulExp	reduction
357	relExp#addExp	reduction
358	Ident#y	move
359	;#;	move
360	lVal#Ident	reduction
361	primaryExp#lVal	reduction
362	unaryExp#primaryExp	reduction
363	mulExp#unaryExp	reduction
364	addExp#mulExp	reduction
365	relExp#<	reduction
366	eqExp#relExp	reduction
367	lAndExp#eqExp	reduction
368	lOrExp#lAndExp	reduction
369	exp#lOrExp	reduction
370	stmt#;	reduction
371	blockItem#stmt	reduction
372	Ident#x	move
373	=#=	move
374	lVal#Ident	reduction
375	(#(	move
376	Ident#x	move
377	==#==	move
378	lVal#Ident	reduction
379	primaryExp#lVal	reduction
380	unaryExp#primaryExp	reduction
381	mulExp#unaryExp	reduction
382	addExp#mulExp	reduction
383	relExp#addExp	reduction
384	eqExp#relExp	reduction
385	Ident#y	move
386	)#)	move
387	lVal#Ident	reduction
388	primaryExp#lVal	reduction
389	unaryExp#primaryExp	reduction
390	mulExp#unaryExp	reduction
391	addExp#mulExp	reduction
392	relExp#addExp	reduction
393	eqExp#==	reduction
394	lAndExp#eqExp	reduction
395	lOrExp#lAndExp	reduction
396	exp#lOrExp	reduction
397	primaryExp#)	reduction
398	unaryExp#primaryExp	reduction
399	mulExp#unaryExp	reduction
400	;#;	move
401	addExp#mulExp	reduction
402	relExp#addExp	reduction
403	eqExp#relExp	reduction
404	lAndExp#eqExp	reduction
405	lOrExp#lAndExp	reduction
406	exp#lOrExp	reduction
407	stmt#;	reduction
408	blockItem#stmt	reduction
409	Ident#x	move
410	=#=	move
411	lVal#Ident	reduction
412	(#(	move
413	Ident#x	move
414	<=#<=	move
415	lVal#Ident	reduction
416	primaryExp#lVal	reduction
417	unaryExp#primaryExp	reduction
418	mulExp#unaryExp	reduction
419	addExp#mulExp	reduction
420	relExp#addExp	reduction
421	Ident#y	move
422	)#)	move
423	lVal#Ident	reduction
424	primaryExp#lVal	reduction
425	unaryExp#primaryExp	reduction
426	mulExp#unaryExp	reduction
427	addExp#mulExp	reduction
428	relExp#<=	reduction
429	eqExp#relExp	reduction
430	lAndExp#eqExp	reduction
431	lOrExp#lAndExp	reduction
432	exp#lOrExp	reduction
433	primaryExp#)	reduction
434	unaryExp#primaryExp	reduction
435	mulExp#unaryExp	reduction
436	;#;	move
437	addExp#mulExp	reduction
438	relExp#addExp	reduction
439	eqExp#relExp	reduction
440	lAndExp#eqExp	reduction
441	lOrExp#lAndExp	reduction
442	exp#lOrExp	reduction
443	stmt#;	reduction
444	blockItem#stmt	reduction
445	Ident#x	move
446	=#=	move
447	lVal#Ident	reduction
448	(#(	move
449	Ident#x	move
450	>=#>=	move
451	lVal#Ident	reduction
452	primaryExp#lVal	reduction
453	unaryExp#primaryExp	reduction
454	mulExp#unaryExp	reduction
455	addExp#mulExp	reduction
456	relExp#addExp	reduction
457	Ident#y	move
458	)#)	move
459	lVal#Ident	reduction
460	primaryExp#lVal	reduction
461	unaryExp#primaryExp	reduction
462	mulExp#unaryExp	reduction
463	addExp#mulExp	reduction
464	relExp#>=	reduction
465	eqExp#relExp	reduction
466	lAndExp#eqExp	reduction
467	lOrExp#lAndExp	reduction
468	exp#lOrExp	reduction
469	primaryExp#)	reduction
470	unaryExp#primaryExp	reduction
471	mulExp#unaryExp	reduction
472	;#;	move
473	addExp#mulExp	reduction
474	relExp#addExp	reduction
475	eqExp#relExp	reduction
476	lAndExp#eqExp	reduction
477	lOrExp#lAndExp	reduction
478	exp#lOrExp	reduction
479	stmt#;	reduction
480	blockItem#stmt	reduction
481	return#return	move
482	;#;	move
483	stmt#;	reduction
484	blockItem#stmt	reduction
485	}#}	move
486	block#}	reduction
487	funcDef#block	reduction
488	Program#EOF	accept
